Component: ARM Compiler 5.06 update 1 (build 61) Tool: armlink [4d35a8]

==============================================================================

Section Cross References

    lab2.o(RESET) refers to lab2.o(STACK) for __initial_sp
    lab2.o(RESET) refers to lab2.o(.text) for Reset_Handler
    lab2.o(.text) refers to lab2.o(HEAP) for Heap_Mem
    lab2.o(.text) refers to lab2.o(STACK) for Stack_Mem


==============================================================================

Image Symbol Table

    Local Symbols

    Symbol Name                              Value     Ov Type        Size  Object(Section)

    RESET                                    0x00000000   Section      192  lab2.o(RESET)
    Lab2.s                                   0x00000000   Number         0  lab2.o ABSOLUTE
    .text                                    0x000000c0   Section       52  lab2.o(.text)
    HEAP                                     0x20000000   Section        0  lab2.o(HEAP)
    STACK                                    0x20000000   Section      512  lab2.o(STACK)
    Heap_Mem                                 0x20000000   Data           0  lab2.o(HEAP)
    Stack_Mem                                0x20000000   Data         512  lab2.o(STACK)
    __initial_sp                             0x20000200   Data           0  lab2.o(STACK)

    Global Symbols

    Symbol Name                              Value     Ov Type        Size  Object(Section)

    BuildAttributes$$THM_ISAv4$E$P$D$K$B$S$7EM$PE$A:L22UL41UL21$X:L11$S22US41US21$IEEE1$IW$USESV6$~STKCKD$USESV7$~SHL$OSPACE$EBA8$STANDARDLIB$PRES8$EABIv2 0x00000000   Number         0  anon$$obj.o ABSOLUTE
    __Vectors                                0x00000000   Data           4  lab2.o(RESET)
    Reset_Handler                            0x000000c1   Thumb Code     6  lab2.o(.text)
    NMI_Handler                              0x000000c7   Thumb Code     2  lab2.o(.text)
    HardFault_Handler                        0x000000c9   Thumb Code     2  lab2.o(.text)
    MemManage_Handler                        0x000000cb   Thumb Code     2  lab2.o(.text)
    BusFault_Handler                         0x000000cd   Thumb Code     2  lab2.o(.text)
    UsageFault_Handler                       0x000000cf   Thumb Code     2  lab2.o(.text)
    SVC_Handler                              0x000000d1   Thumb Code     2  lab2.o(.text)
    DebugMon_Handler                         0x000000d3   Thumb Code     2  lab2.o(.text)
    PendSV_Handler                           0x000000d5   Thumb Code     2  lab2.o(.text)
    SysTick_Handler                          0x000000d7   Thumb Code     2  lab2.o(.text)
    AACI_IRQHandler                          0x000000d9   Thumb Code     0  lab2.o(.text)
    CAN_IRQHandler                           0x000000d9   Thumb Code     0  lab2.o(.text)
    CHLCD_IRQHandler                         0x000000d9   Thumb Code     0  lab2.o(.text)
    CLCD_IRQHandler                          0x000000d9   Thumb Code     0  lab2.o(.text)
    CPU_CLCD_IRQHandler                      0x000000d9   Thumb Code     0  lab2.o(.text)
    ENET_IRQHandler                          0x000000d9   Thumb Code     0  lab2.o(.text)
    FLEXRAY_IRQHandler                       0x000000d9   Thumb Code     0  lab2.o(.text)
    I2C_IRQHandler                           0x000000d9   Thumb Code     0  lab2.o(.text)
    LIN_IRQHandler                           0x000000d9   Thumb Code     0  lab2.o(.text)
    MCIA_IRQHandler                          0x000000d9   Thumb Code     0  lab2.o(.text)
    MCIB_IRQHandler                          0x000000d9   Thumb Code     0  lab2.o(.text)
    RTC_IRQHandler                           0x000000d9   Thumb Code     0  lab2.o(.text)
    SPI_IRQHandler                           0x000000d9   Thumb Code     0  lab2.o(.text)
    TIM0_IRQHandler                          0x000000d9   Thumb Code     0  lab2.o(.text)
    TIM2_IRQHandler                          0x000000d9   Thumb Code     0  lab2.o(.text)
    UART0_IRQHandler                         0x000000d9   Thumb Code     0  lab2.o(.text)
    UART1_IRQHandler                         0x000000d9   Thumb Code     0  lab2.o(.text)
    UART2_IRQHandler                         0x000000d9   Thumb Code     0  lab2.o(.text)
    UART3_IRQHandler                         0x000000d9   Thumb Code     0  lab2.o(.text)
    UART4_IRQHandler                         0x000000d9   Thumb Code     0  lab2.o(.text)
    USBDC_IRQHandler                         0x000000d9   Thumb Code     0  lab2.o(.text)
    USBHC_IRQHandler                         0x000000d9   Thumb Code     0  lab2.o(.text)
    WDT_IRQHandler                           0x000000d9   Thumb Code     0  lab2.o(.text)
    __user_initial_stackheap                 0x000000dd   Thumb Code     0  lab2.o(.text)



==============================================================================

Memory Map of the image

  Image Entry point : 0x000000c1

  Load Region LR_1 (Base: 0x00000000, Size: 0x000000f4, Max: 0xffffffff, ABSOLUTE)

    Execution Region ER_RO (Base: 0x00000000, Size: 0x000000f4, Max: 0xffffffff, ABSOLUTE)

    Base Addr    Size         Type   Attr      Idx    E Section Name        Object

    0x00000000   0x000000c0   Data   RO            3    RESET               lab2.o
    0x000000c0   0x00000034   Code   RO            4  * .text               lab2.o


    Execution Region ER_RW (Base: 0x20000000, Size: 0x00000000, Max: 0xffffffff, ABSOLUTE)

    **** No section assigned to this execution region ****


    Execution Region ER_ZI (Base: 0x20000000, Size: 0x00000200, Max: 0xffffffff, ABSOLUTE)

    Base Addr    Size         Type   Attr      Idx    E Section Name        Object

    0x20000000   0x00000000   Zero   RW            2    HEAP                lab2.o
    0x20000000   0x00000200   Zero   RW            1    STACK               lab2.o


==============================================================================

Image component sizes


      Code (inc. data)   RO Data    RW Data    ZI Data      Debug   Object Name

        52         16        192          0        512        760   lab2.o

    ----------------------------------------------------------------------
        52         16        192          0        512        760   Object Totals
         0          0          0          0          0          0   (incl. Generated)
         0          0          0          0          0          0   (incl. Padding)

    ----------------------------------------------------------------------
         0          0          0          0          0          0   Library Totals
         0          0          0          0          0          0   (incl. Padding)

    ----------------------------------------------------------------------

==============================================================================


      Code (inc. data)   RO Data    RW Data    ZI Data      Debug   

        52         16        192          0        512        760   Grand Totals
        52         16        192          0        512        760   ELF Image Totals
        52         16        192          0          0          0   ROM Totals

==============================================================================

    Total RO  Size (Code + RO Data)                  244 (   0.24kB)
    Total RW  Size (RW Data + ZI Data)               512 (   0.50kB)
    Total ROM Size (Code + RO Data + RW Data)        244 (   0.24kB)

==============================================================================

